---
source: src/openvasd/config/mod.rs
expression: config
---
[feed]
path = '/var/lib/openvas/plugins'
check_interval = '3600s'
signature_check = true

[notus]
products_path = '/var/lib/notus/products'
advisories_path = '/var/lib/notus/advisories'

[endpoints]
enable_get_scans = false

[tls]

[listener]
address = '127.0.0.1:3000'

[logging]
level = 'INFO'

[storage]
location = 'in-memory'
busy_timeout = '10s'
max_connections = 1

[scheduler]
check_interval = '2s'

[scanner]
type = 'ospd'
[scanner.ospd]
socket = '/var/run/ospd/ospd-openvas.sock'
[scanner.preferences]
aaa = false
